apple
banana
grape
kiwi
orange
zebra
